ODPAR_TERRITORIAL_DOMAIN_24 {
  global:
    odg_alive_count;
    odg_ammo_crate_count;
    odg_api_version;
    odg_artifact_storage_deposit;
    odg_artifact_storage_withdraw;
    odg_avatar_texture_clear;
    odg_avatar_texture_present;
    odg_avatar_texture_upload;
    odg_camera_dir_x_q15;
    odg_camera_dir_z_q15;
    odg_camera_mode;
    odg_chip_count;
    odg_chunk_descriptor_get;
    odg_command_submit;
    odg_construction_count;
    odg_copy_construction_page;
    odg_control_basis_x_q15;
    odg_control_basis_z_q15;
    odg_control_heading_x_q15;
    odg_control_heading_z_q15;
    odg_control_local_x_q15;
    odg_control_local_z_q15;
    odg_control_strength_q15;
    odg_copy_artifact_storage;
    odg_copy_artifacts;
    odg_copy_artifacts_page;
    odg_copy_fauna;
    odg_copy_fauna_nests;
    odg_copy_framebuffer;
    odg_copy_interaction_hint;
    odg_copy_inventory;
    odg_copy_music_frame;
    odg_copy_resources;
    odg_copy_stats;
    odg_craft;
    odg_fauna_diet_count;
    odg_fauna_diet_get;
    odg_fauna_habitat_count;
    odg_fauna_habitat_get;
    odg_fauna_nesting_count;
    odg_fauna_nesting_get;
    odg_fauna_species_count;
    odg_fauna_species_get;
    odg_ffi_abi_query;
    odg_flora_species_count;
    odg_flora_species_get;
    odg_food_definition_count;
    odg_food_definition_get;
    odg_fluid_definition_count;
    odg_fluid_definition_get;
    odg_fluid_container_definition_count;
    odg_fluid_container_definition_get;
    odg_framebuffer_bytes;
    odg_framebuffer_ptr;
    odg_framebuffer_stride_bytes;
    odg_init;
    odg_item_definition_count;
    odg_item_definition_get;
    odg_leader_count;
    odg_leader_get;
    odg_leader_is_player;
    odg_leader_name_code;
    odg_leader_score;
    odg_loot_table_count;
    odg_loot_table_get;
    odg_map_query;
    odg_match_over;
    odg_music_reactivity_q16;
    odg_music_reset;
    odg_music_submit_pcm_f32;
    odg_opened_artifact_id;
    odg_player_ammo_reserve;
    odg_player_carried_ammo;
    odg_player_carried_turret_ammo;
    odg_player_carrying_ammo_crate;
    odg_player_carrying_chip;
    odg_player_carrying_turret;
    odg_player_chip_kind;
    odg_player_death_reason;
    odg_player_deaths;
    odg_player_drop_action_available;
    odg_player_facing_x_q15;
    odg_player_facing_z_q15;
    odg_player_hack_action_available;
    odg_player_health;
    odg_player_kills;
    odg_player_level;
    odg_player_max_health;
    odg_player_nearby_owned_turret_ammo;
    odg_player_nearby_owned_turret_max_ammo;
    odg_player_nearby_owned_turret_visible;
    odg_player_owned_turrets;
    odg_player_satiety_permille;
    odg_player_hydration_permille;
    odg_player_score;
    odg_player_territory_cells;
    odg_player_territory_permille;
    odg_player_trail_active;
    odg_player_trail_broken;
    odg_player_trail_cells;
    odg_player_turret_action_available;
    odg_presentation_mode;
    odg_recipe_count;
    odg_recipe_get;
    odg_recipe_max_craftable;
    odg_render_artifact_view;
    odg_render_avatar_preview;
    odg_render_camera_preview;
    odg_render_frame;
    odg_render_height;
    odg_render_width;
    odg_repair_quote_selected;
    odg_repair_selected;
    odg_reset;
    odg_resize;
    odg_save_blob_size;
    odg_save_load;
    odg_save_schema_version;
        odg_save_schema_supported;
    odg_save_write;
    odg_set_camera_mode;
    odg_set_input;
    odg_set_music_reactivity_q16;
    odg_set_presentation_mode;
    odg_set_visual_theme;
    odg_set_world_input;
    odg_state_hash;
    odg_stats;
    odg_stats_ptr;
    odg_step_ticks;
    odg_territory_total_cells;
    odg_tick_us;
    odg_turret_count;
    odg_visual_theme;
    odg_weather_rain_permille;
    odg_winner_id;
    odg_world_height_milli64;
    odg_world_surface_sample64;
    odg_zone_radius_milli;
    Java_com_odpar_territorial_1domain_MainActivity_nativeSubmitPcm;
    Java_com_odpar_territorial_1domain_MainActivity_nativeResetMusic;
    odg_day_index;
    odg_day_phase_permille;
    odg_daylight_permille;
    odg_is_night;
    odg_player_oxygen_permille;
    odg_world_cave_entrance64;
    odg_world_cave_openness_permille64;
    odg_world_geology_material64;
    odg_world_geology_ore_resource64;
    odg_worldgen_version;
  local:
    *;
};
